{
  "aio": {
    "uncompressed": {
      "runtime": 4325,
      "main": 466107,
      "polyfills": 33938,
      "styles": 74561,
      "light-theme": 92905,
      "dark-theme": 93051
    }
  },
  "aio-local": {
    "uncompressed": {
      "runtime": 4325,
      "main": 466694,
      "polyfills": 33836,
      "styles": 74561,
      "light-theme": 92905,
      "dark-theme": 93051
    }
  }
}